{
  "status": "pass",
  "call_id": "real-composition-call",
  "state": "terminal",
  "report": "/mnt/c/devel/sip-bot/artifacts/implementation/002-mvp-media-and-speech-integration/002-J/j4-clean-start-20260903-r2/real-answer/reports/real-composition-call/report.md",
  "rag": {
    "contexts": 1,
    "sufficient": true,
    "source_ids": [
      "wiki-physics-rayleigh",
      "wiki-astronomy-mars"
    ]
  },
  "audio": {
    "path": "/mnt/c/devel/sip-bot/artifacts/implementation/002-mvp-media-and-speech-integration/002-J/j4-clean-start-20260903-r2/real-answer/tts-composition-sample.wav",
    "bytes": 178348,
    "sample_rate_hz": 8000,
    "channels": 1,
    "sha256": "db3c554e3fd009ea7ca1cc62da4d5c071e5d6c1d6171b72eb44a1e7ec4fcc264"
  },
  "elapsed_from_final_turn_ms": 5253.265,
  "pipeline_errors": [],
  "runtime": {
    "python": "/home/sipbot/.cache/sip-bot-c4-xtts-v2-3.14.7t/bin/python",
    "version": "3.14.7 free-threading build (main, Aug 27 2026, 13:33:03) [GCC 13.3.0]",
    "gil_enabled": false
  }
}
