{
  "probe": "009-B-pjsua2-registration-lifecycle",
  "status": "pass",
  "error": null,
  "executable": "/home/inrack/.cache/sip-bot-c4-xtts-v2-3.14.7t/bin/python",
  "python_version": "3.14.7 free-threading build (main, Sep 22 2026, 10:09:00) [GCC 11.4.0]",
  "py_gil_disabled": 1,
  "gil_enabled_at_finish": false,
  "elapsed_seconds": 2.333,
  "registrar": {
    "address": "127.0.0.1:35919",
    "request_count": 6,
    "requests": [
      {
        "method": "REGISTER",
        "cseq": 28638,
        "expires": 2,
        "has_authorization": false,
        "has_digest_response": false
      },
      {
        "method": "REGISTER",
        "cseq": 28639,
        "expires": 2,
        "has_authorization": true,
        "has_digest_response": true
      },
      {
        "method": "REGISTER",
        "cseq": 28640,
        "expires": 2,
        "has_authorization": false,
        "has_digest_response": false
      },
      {
        "method": "REGISTER",
        "cseq": 28641,
        "expires": 2,
        "has_authorization": true,
        "has_digest_response": true
      },
      {
        "method": "REGISTER",
        "cseq": 28642,
        "expires": 0,
        "has_authorization": false,
        "has_digest_response": false
      },
      {
        "method": "REGISTER",
        "cseq": 28643,
        "expires": 0,
        "has_authorization": true,
        "has_digest_response": true
      }
    ]
  },
  "registration_events": [
    {
      "call_id": "__registration__",
      "kind": "registration_state",
      "timestamp_ns": 6572528458996,
      "sequence": 1,
      "method": null,
      "status_code": null,
      "reason": "registration requested by account.create",
      "details": {
        "state": "registering",
        "registration_event": "registration_started",
        "readiness": false
      },
      "registration_status": {
        "state": "registering",
        "event": "registration_started",
        "enabled": true,
        "registrar_uri": "sip:127.0.0.1:35919",
        "status_code": null,
        "reason": "registration requested by account.create",
        "expires_seconds": 2,
        "observed_at_ns": 6572528436476,
        "expires_at_ns": null,
        "readiness": false
      }
    },
    {
      "call_id": "__registration__",
      "kind": "registration_state",
      "timestamp_ns": 6572528680379,
      "sequence": 2,
      "method": null,
      "status_code": null,
      "reason": "PJSUA2 registration transaction started",
      "details": {
        "state": "registering",
        "registration_event": "registration_started",
        "readiness": false
      },
      "registration_status": {
        "state": "registering",
        "event": "registration_started",
        "enabled": true,
        "registrar_uri": "sip:127.0.0.1:35919",
        "status_code": null,
        "reason": "PJSUA2 registration transaction started",
        "expires_seconds": 2,
        "observed_at_ns": 6572528663725,
        "expires_at_ns": null,
        "readiness": false
      }
    },
    {
      "call_id": "__registration__",
      "kind": "registration_state",
      "timestamp_ns": 6572530884343,
      "sequence": 3,
      "method": null,
      "status_code": 200,
      "reason": "OK",
      "details": {
        "state": "registered",
        "registration_event": "registration_succeeded",
        "readiness": true
      },
      "registration_status": {
        "state": "registered",
        "event": "registration_succeeded",
        "enabled": true,
        "registrar_uri": "sip:127.0.0.1:35919",
        "status_code": 200,
        "reason": "OK",
        "expires_seconds": 2,
        "observed_at_ns": 6572530871407,
        "expires_at_ns": 6574530859216,
        "readiness": true
      }
    },
    {
      "call_id": "__registration__",
      "kind": "registration_state",
      "timestamp_ns": 6573531843627,
      "sequence": 4,
      "method": null,
      "status_code": 200,
      "reason": "OK",
      "details": {
        "state": "registered",
        "registration_event": "registration_refreshed",
        "readiness": true
      },
      "registration_status": {
        "state": "registered",
        "event": "registration_refreshed",
        "enabled": true,
        "registrar_uri": "sip:127.0.0.1:35919",
        "status_code": 200,
        "reason": "OK",
        "expires_seconds": 2,
        "observed_at_ns": 6573531792664,
        "expires_at_ns": 6575531751138,
        "readiness": true
      }
    },
    {
      "call_id": "__registration__",
      "kind": "registration_state",
      "timestamp_ns": 6573532025979,
      "sequence": 5,
      "method": null,
      "status_code": null,
      "reason": "unregistration requested before account shutdown",
      "details": {
        "state": "unregistering",
        "registration_event": "registration_unregistering",
        "readiness": false
      },
      "registration_status": {
        "state": "unregistering",
        "event": "registration_unregistering",
        "enabled": true,
        "registrar_uri": "sip:127.0.0.1:35919",
        "status_code": null,
        "reason": "unregistration requested before account shutdown",
        "expires_seconds": 0,
        "observed_at_ns": 6573531977928,
        "expires_at_ns": null,
        "readiness": false
      }
    },
    {
      "call_id": "__registration__",
      "kind": "registration_state",
      "timestamp_ns": 6573532297751,
      "sequence": 6,
      "method": null,
      "status_code": null,
      "reason": "PJSUA2 unregistration transaction started",
      "details": {
        "state": "unregistering",
        "registration_event": "registration_unregistering",
        "readiness": false
      },
      "registration_status": {
        "state": "unregistering",
        "event": "registration_unregistering",
        "enabled": true,
        "registrar_uri": "sip:127.0.0.1:35919",
        "status_code": null,
        "reason": "PJSUA2 unregistration transaction started",
        "expires_seconds": 0,
        "observed_at_ns": 6573532264715,
        "expires_at_ns": null,
        "readiness": false
      }
    },
    {
      "call_id": "__registration__",
      "kind": "registration_state",
      "timestamp_ns": 6573532443014,
      "sequence": 7,
      "method": null,
      "status_code": null,
      "reason": "account shutdown completed",
      "details": {
        "state": "unregistered",
        "registration_event": "registration_unregistered",
        "readiness": false
      },
      "registration_status": {
        "state": "unregistered",
        "event": "registration_unregistered",
        "enabled": true,
        "registrar_uri": "sip:127.0.0.1:35919",
        "status_code": null,
        "reason": "account shutdown completed",
        "expires_seconds": 0,
        "observed_at_ns": 6573532418926,
        "expires_at_ns": null,
        "readiness": false
      }
    }
  ],
  "enabled_direct_uri_fallback_blocked": true,
  "password_in_output": false,
  "gpu_inference": false
}
11:41:38.059         os_core_unix.c !pjlib 2.17 for POSIX initialized
11:41:38.060         sip_endpoint.c  .Creating endpoint instance...
11:41:38.060                  pjlib  .select() I/O Queue created (0x5570e2351728)
11:41:38.060         sip_endpoint.c  .Module "mod-msg-print" registered
11:41:38.060        sip_transport.c  .Transport manager created.
11:41:38.060           pjsua_core.c  .PJSUA state changed: NULL --> CREATED
