🍹 Building a mixed python/rust project
🐍 Found CPython 3.14t at /home/inrack/.cache/sip-bot-c4-xtts-v2-3.14.7t/bin/python
🔗 Found pyo3 bindings with abi3-py3.9 support
📡 Using build options features, bindings from pyproject.toml
⚠️ Warning: abi3 does not yet support CPython 3.14t at /home/inrack/.cache/sip-bot-c4-xtts-v2-3.14.7t/bin/python so the build artifacts will be version-specific.
   Compiling proc-macro2 v1.0.103
   Compiling unicode-ident v1.0.22
   Compiling quote v1.0.42
   Compiling target-lexicon v0.13.3
   Compiling libc v0.2.177
   Compiling autocfg v1.5.0
   Compiling memchr v2.7.6
   Compiling serde_core v1.0.228
   Compiling shlex v1.3.0
   Compiling find-msvc-tools v0.1.5
   Compiling crossbeam-utils v0.8.21
   Compiling once_cell v1.21.3
   Compiling cfg-if v1.0.4
   Compiling zerocopy v0.8.31
   Compiling ident_case v1.0.1
   Compiling fnv v1.0.7
   Compiling getrandom v0.3.4
   Compiling serde v1.0.228
   Compiling strsim v0.11.1
   Compiling regex-syntax v0.8.8
   Compiling pkg-config v0.3.32
   Compiling rayon-core v1.13.0
   Compiling rustversion v1.0.22
   Compiling pin-project-lite v0.2.16
   Compiling futures-sink v0.3.31
   Compiling futures-core v0.3.31
   Compiling heck v0.5.0
   Compiling paste v1.0.15
   Compiling pin-utils v0.1.0
   Compiling slab v0.4.11
   Compiling portable-atomic v1.11.1
   Compiling version_check v0.9.5
   Compiling either v1.15.0
   Compiling futures-io v0.3.31
   Compiling futures-task v0.3.31
   Compiling rawpointer v0.2.1
   Compiling unicode-width v0.2.2
   Compiling indoc v2.0.7
   Compiling itoa v1.0.15
   Compiling minimal-lexical v0.2.1
   Compiling utf8parse v0.2.2
   Compiling log v0.4.28
   Compiling ryu v1.0.20
   Compiling serde_json v1.0.145
   Compiling unindent v0.2.4
   Compiling thiserror v2.0.17
   Compiling smallvec v1.15.1
   Compiling static_assertions v1.1.0
   Compiling unit-prefix v0.5.2
   Compiling anstyle v1.0.13
   Compiling anstyle-query v1.1.5
   Compiling bitflags v2.10.0
   Compiling unicode-segmentation v1.12.0
   Compiling macro_rules_attribute-proc_macro v0.2.2
   Compiling colorchoice v1.0.4
   Compiling is_terminal_polyfill v1.70.2
   Compiling base64 v0.13.1
   Compiling unicode_categories v0.1.1
   Compiling rustc-hash v2.1.1
   Compiling jiff v0.2.16
   Compiling cc v1.2.48
   Compiling futures-channel v0.3.31
   Compiling anstyle-parse v0.2.7
   Compiling num-traits v0.2.19
   Compiling memoffset v0.9.1
   Compiling matrixmultiply v0.3.10
   Compiling itertools v0.14.0
   Compiling ahash v0.8.12
   Compiling unicode-normalization-alignments v0.1.12
   Compiling anstream v0.6.21
   Compiling aho-corasick v1.1.4
   Compiling nom v7.1.3
   Compiling pyo3-build-config v0.26.0
   Compiling macro_rules_attribute v0.2.2
   Compiling crossbeam-epoch v0.9.18
   Compiling castaway v0.2.4
   Compiling syn v2.0.111
   Compiling crossbeam-deque v0.8.6
   Compiling onig_sys v69.9.1
   Compiling esaxx-rs v0.1.10
   Compiling num-complex v0.4.6
   Compiling num-integer v0.1.46
   Compiling signal-hook-registry v1.4.7
   Compiling console v0.16.1
   Compiling mio v1.1.0
   Compiling rand_core v0.9.3
   Compiling indicatif v0.18.3
   Compiling ndarray v0.16.1
   Compiling rayon v1.11.0
   Compiling pyo3-ffi v0.26.0
   Compiling pyo3-macros-backend v0.26.0
   Compiling pyo3 v0.26.0
   Compiling numpy v0.26.0
   Compiling regex-automata v0.4.13
   Compiling ppv-lite86 v0.2.21
   Compiling rand_chacha v0.9.0
   Compiling rand v0.9.2
   Compiling darling_core v0.20.11
   Compiling rayon-cond v0.4.0
   Compiling serde_derive v1.0.228
   Compiling futures-macro v0.3.31
   Compiling monostate-impl v0.1.18
   Compiling tokio-macros v2.6.0
   Compiling thiserror-impl v2.0.17
   Compiling monostate v0.1.18
   Compiling regex v1.12.2
   Compiling tokio v1.48.0
   Compiling futures-util v0.3.31
   Compiling env_filter v0.1.4
   Compiling env_logger v0.11.8
   Compiling darling_macro v0.20.11
   Compiling darling v0.20.11
   Compiling derive_builder_core v0.20.2
   Compiling derive_builder_macro v0.20.2
   Compiling derive_builder v0.20.2
   Compiling pyo3-macros v0.26.0
   Compiling dary_heap v0.3.8
   Compiling compact_str v0.9.0
   Compiling spm_precompiled v0.1.4
   Compiling futures-executor v0.3.31
   Compiling futures v0.3.31
   Compiling pyo3-async-runtimes v0.26.0
   Compiling onig v6.5.1
   Compiling tokenizers v0.22.2 (/home/inrack/src/tokenizers-v0.22.2/tokenizers)
   Compiling tokenizers-python v0.22.2 (/home/inrack/src/tokenizers-v0.22.2/bindings/python)
    Finished `release` profile [optimized] target(s) in 24.25s
📦 Built wheel for CPython 3.14t to /home/inrack/src/tokenizers-wheel/tokenizers-0.22.2-cp314-cp314t-manylinux_2_34_x86_64.whl
