W: Cannot check Release signature; keyring file not available /usr/share/keyrings/debian-archive-keyring.gpg
I: Retrieving InRelease 
I: Retrieving Packages 
I: Validating Packages 
I: Resolving dependencies of required packages...
I: Resolving dependencies of base packages...
I: Checking component main on http://deb.debian.org/debian...
I: Retrieving adduser 3.134
I: Validating adduser 3.134
I: Retrieving apt 2.6.1
I: Validating apt 2.6.1
I: Retrieving base-files 12.4+deb12u15
I: Validating base-files 12.4+deb12u15
I: Retrieving base-passwd 3.6.1
I: Validating base-passwd 3.6.1
I: Retrieving bash 5.2.15-2+b13
I: Validating bash 5.2.15-2+b13
I: Retrieving bsdutils 1:2.38.1-5+deb12u3
I: Validating bsdutils 1:2.38.1-5+deb12u3
I: Retrieving ca-certificates 20230311+deb12u1
I: Validating ca-certificates 20230311+deb12u1
I: Retrieving coreutils 9.1-1
I: Validating coreutils 9.1-1
I: Retrieving curl 7.88.1-10+deb12u15
I: Validating curl 7.88.1-10+deb12u15
I: Retrieving dash 0.5.12-2
I: Validating dash 0.5.12-2
I: Retrieving dbus 1.14.10-1~deb12u1
I: Validating dbus 1.14.10-1~deb12u1
I: Retrieving dbus-bin 1.14.10-1~deb12u1
I: Validating dbus-bin 1.14.10-1~deb12u1
I: Retrieving dbus-daemon 1.14.10-1~deb12u1
I: Validating dbus-daemon 1.14.10-1~deb12u1
I: Retrieving dbus-session-bus-common 1.14.10-1~deb12u1
I: Validating dbus-session-bus-common 1.14.10-1~deb12u1
I: Retrieving dbus-system-bus-common 1.14.10-1~deb12u1
I: Validating dbus-system-bus-common 1.14.10-1~deb12u1
I: Retrieving debconf 1.5.82
I: Validating debconf 1.5.82
I: Retrieving debian-archive-keyring 2023.3+deb12u2
I: Validating debian-archive-keyring 2023.3+deb12u2
I: Retrieving debianutils 5.7-0.5~deb12u1
I: Validating debianutils 5.7-0.5~deb12u1
I: Retrieving diffutils 1:3.8-4
I: Validating diffutils 1:3.8-4
I: Retrieving dirmngr 2.2.40-1.1+deb12u2
I: Validating dirmngr 2.2.40-1.1+deb12u2
I: Retrieving dmsetup 2:1.02.185-2
I: Validating dmsetup 2:1.02.185-2
I: Retrieving dpkg 1.21.23
I: Validating dpkg 1.21.23
I: Retrieving e2fsprogs 1.47.0-2+b2
I: Validating e2fsprogs 1.47.0-2+b2
I: Retrieving findutils 4.9.0-4
I: Validating findutils 4.9.0-4
I: Retrieving gcc-12-base 12.2.0-14+deb12u1
I: Validating gcc-12-base 12.2.0-14+deb12u1
I: Retrieving gnupg 2.2.40-1.1+deb12u2
I: Validating gnupg 2.2.40-1.1+deb12u2
I: Retrieving gnupg-l10n 2.2.40-1.1+deb12u2
I: Validating gnupg-l10n 2.2.40-1.1+deb12u2
I: Retrieving gnupg-utils 2.2.40-1.1+deb12u2
I: Validating gnupg-utils 2.2.40-1.1+deb12u2
I: Retrieving gpg 2.2.40-1.1+deb12u2
I: Validating gpg 2.2.40-1.1+deb12u2
I: Retrieving gpg-agent 2.2.40-1.1+deb12u2
I: Validating gpg-agent 2.2.40-1.1+deb12u2
I: Retrieving gpg-wks-client 2.2.40-1.1+deb12u2
I: Validating gpg-wks-client 2.2.40-1.1+deb12u2
I: Retrieving gpg-wks-server 2.2.40-1.1+deb12u2
I: Validating gpg-wks-server 2.2.40-1.1+deb12u2
I: Retrieving gpgconf 2.2.40-1.1+deb12u2
I: Validating gpgconf 2.2.40-1.1+deb12u2
I: Retrieving gpgsm 2.2.40-1.1+deb12u2
I: Validating gpgsm 2.2.40-1.1+deb12u2
I: Retrieving gpgv 2.2.40-1.1+deb12u2
I: Validating gpgv 2.2.40-1.1+deb12u2
I: Retrieving grep 3.8-5
I: Validating grep 3.8-5
I: Retrieving gzip 1.12-1
I: Validating gzip 1.12-1
I: Retrieving hostname 3.23+nmu1
I: Validating hostname 3.23+nmu1
I: Retrieving init-system-helpers 1.65.2+deb12u1
I: Validating init-system-helpers 1.65.2+deb12u1
I: Retrieving iproute2 6.1.0-3
I: Validating iproute2 6.1.0-3
I: Retrieving libacl1 2.3.1-3
I: Validating libacl1 2.3.1-3
I: Retrieving libapparmor1 3.0.8-3
I: Validating libapparmor1 3.0.8-3
I: Retrieving libapt-pkg6.0 2.6.1
I: Validating libapt-pkg6.0 2.6.1
I: Retrieving libargon2-1 0~20171227-0.3+deb12u1
I: Validating libargon2-1 0~20171227-0.3+deb12u1
I: Retrieving libassuan0 2.5.5-5
I: Validating libassuan0 2.5.5-5
I: Retrieving libattr1 1:2.5.1-4
I: Validating libattr1 1:2.5.1-4
I: Retrieving libaudit-common 1:3.0.9-1
I: Validating libaudit-common 1:3.0.9-1
I: Retrieving libaudit1 1:3.0.9-1
I: Validating libaudit1 1:3.0.9-1
I: Retrieving libblkid1 2.38.1-5+deb12u3
I: Validating libblkid1 2.38.1-5+deb12u3
I: Retrieving libbpf1 1:1.1.2-0+deb12u1
I: Validating libbpf1 1:1.1.2-0+deb12u1
I: Retrieving libbrotli1 1.0.9-2+b6
I: Validating libbrotli1 1.0.9-2+b6
I: Retrieving libbsd0 0.11.7-2
I: Validating libbsd0 0.11.7-2
I: Retrieving libbz2-1.0 1.0.8-5+b1
I: Validating libbz2-1.0 1.0.8-5+b1
I: Retrieving libc-bin 2.36-9+deb12u14
I: Validating libc-bin 2.36-9+deb12u14
I: Retrieving libc6 2.36-9+deb12u14
I: Validating libc6 2.36-9+deb12u14
I: Retrieving libcap-ng0 0.8.3-1+b3
I: Validating libcap-ng0 0.8.3-1+b3
I: Retrieving libcap2 1:2.66-4+deb12u3+b1
I: Validating libcap2 1:2.66-4+deb12u3+b1
I: Retrieving libcap2-bin 1:2.66-4+deb12u3+b1
I: Validating libcap2-bin 1:2.66-4+deb12u3+b1
I: Retrieving libcom-err2 1.47.0-2+b2
I: Validating libcom-err2 1.47.0-2+b2
I: Retrieving libcrypt1 1:4.4.33-2
I: Validating libcrypt1 1:4.4.33-2
I: Retrieving libcryptsetup12 2:2.6.1-4~deb12u2
I: Validating libcryptsetup12 2:2.6.1-4~deb12u2
I: Retrieving libcurl4 7.88.1-10+deb12u15
I: Validating libcurl4 7.88.1-10+deb12u15
I: Retrieving libdb5.3 5.3.28+dfsg2-1
I: Validating libdb5.3 5.3.28+dfsg2-1
I: Retrieving libdbus-1-3 1.14.10-1~deb12u1
I: Validating libdbus-1-3 1.14.10-1~deb12u1
I: Retrieving libdebconfclient0 0.270
I: Validating libdebconfclient0 0.270
I: Retrieving libdevmapper1.02.1 2:1.02.185-2
I: Validating libdevmapper1.02.1 2:1.02.185-2
I: Retrieving libelf1 0.188-2.1
I: Validating libelf1 0.188-2.1
I: Retrieving libexpat1 2.5.0-1+deb12u2
I: Validating libexpat1 2.5.0-1+deb12u2
I: Retrieving libext2fs2 1.47.0-2+b2
I: Validating libext2fs2 1.47.0-2+b2
I: Retrieving libfdisk1 2.38.1-5+deb12u3
I: Validating libfdisk1 2.38.1-5+deb12u3
I: Retrieving libffi8 3.4.4-1
I: Validating libffi8 3.4.4-1
I: Retrieving libfile-find-rule-perl 0.34-4~deb12u1
I: Validating libfile-find-rule-perl 0.34-4~deb12u1
I: Retrieving libgcc-s1 12.2.0-14+deb12u1
I: Validating libgcc-s1 12.2.0-14+deb12u1
I: Retrieving libgcrypt20 1.10.1-3+deb12u1
I: Validating libgcrypt20 1.10.1-3+deb12u1
I: Retrieving libgdbm-compat4 1.23-3
I: Validating libgdbm-compat4 1.23-3
I: Retrieving libgdbm6 1.23-3
I: Validating libgdbm6 1.23-3
I: Retrieving libgmp10 2:6.2.1+dfsg1-1.1
I: Validating libgmp10 2:6.2.1+dfsg1-1.1
I: Retrieving libgnutls30 3.7.9-2+deb12u7
I: Validating libgnutls30 3.7.9-2+deb12u7
I: Retrieving libgpg-error0 1.46-1
I: Validating libgpg-error0 1.46-1
I: Retrieving libgssapi-krb5-2 1.20.1-2+deb12u5
I: Validating libgssapi-krb5-2 1.20.1-2+deb12u5
I: Retrieving libhogweed6 3.8.1-2
I: Validating libhogweed6 3.8.1-2
I: Retrieving libidn2-0 2.3.3-1+b1
I: Validating libidn2-0 2.3.3-1+b1
I: Retrieving libip4tc2 1.8.9-2
I: Validating libip4tc2 1.8.9-2
I: Retrieving libjson-c5 0.16-2
I: Validating libjson-c5 0.16-2
I: Retrieving libk5crypto3 1.20.1-2+deb12u5
I: Validating libk5crypto3 1.20.1-2+deb12u5
I: Retrieving libkeyutils1 1.6.3-2
I: Validating libkeyutils1 1.6.3-2
I: Retrieving libkmod2 30+20221128-1
I: Validating libkmod2 30+20221128-1
I: Retrieving libkrb5-3 1.20.1-2+deb12u5
I: Validating libkrb5-3 1.20.1-2+deb12u5
I: Retrieving libkrb5support0 1.20.1-2+deb12u5
I: Validating libkrb5support0 1.20.1-2+deb12u5
I: Retrieving libksba8 1.6.3-2
I: Validating libksba8 1.6.3-2
I: Retrieving libldap-2.5-0 2.5.13+dfsg-5
I: Validating libldap-2.5-0 2.5.13+dfsg-5
I: Retrieving liblz4-1 1.9.4-1
I: Validating liblz4-1 1.9.4-1
I: Retrieving liblzma5 5.4.1-1+deb12u1
I: Validating liblzma5 5.4.1-1+deb12u1
I: Retrieving libmd0 1.0.4-2
I: Validating libmd0 1.0.4-2
I: Retrieving libmnl0 1.0.4-3
I: Validating libmnl0 1.0.4-3
I: Retrieving libmount1 2.38.1-5+deb12u3
I: Validating libmount1 2.38.1-5+deb12u3
I: Retrieving libncursesw6 6.4-4
I: Validating libncursesw6 6.4-4
I: Retrieving libnettle8 3.8.1-2
I: Validating libnettle8 3.8.1-2
I: Retrieving libnghttp2-14 1.52.0-1+deb12u3
I: Validating libnghttp2-14 1.52.0-1+deb12u3
I: Retrieving libnpth0 1.6-3
I: Validating libnpth0 1.6-3
I: Retrieving libnumber-compare-perl 0.03-3
I: Validating libnumber-compare-perl 0.03-3
I: Retrieving libp11-kit0 0.24.1-2
I: Validating libp11-kit0 0.24.1-2
I: Retrieving libpam-modules 1.5.2-6+deb12u2
I: Validating libpam-modules 1.5.2-6+deb12u2
I: Retrieving libpam-modules-bin 1.5.2-6+deb12u2
I: Validating libpam-modules-bin 1.5.2-6+deb12u2
I: Retrieving libpam-runtime 1.5.2-6+deb12u2
I: Validating libpam-runtime 1.5.2-6+deb12u2
I: Retrieving libpam0g 1.5.2-6+deb12u2
I: Validating libpam0g 1.5.2-6+deb12u2
I: Retrieving libpcre2-8-0 10.42-1
I: Validating libpcre2-8-0 10.42-1
I: Retrieving libperl5.36 5.36.0-7+deb12u3
I: Validating libperl5.36 5.36.0-7+deb12u3
I: Retrieving libproc2-0 2:4.0.2-3
I: Validating libproc2-0 2:4.0.2-3
I: Retrieving libpsl5 0.21.2-1
I: Validating libpsl5 0.21.2-1
I: Retrieving libreadline8 8.2-1.3
I: Validating libreadline8 8.2-1.3
I: Retrieving librtmp1 2.4+20151223.gitfa8646d.1-2+b2
I: Validating librtmp1 2.4+20151223.gitfa8646d.1-2+b2
I: Retrieving libsasl2-2 2.1.28+dfsg-10
I: Validating libsasl2-2 2.1.28+dfsg-10
I: Retrieving libsasl2-modules-db 2.1.28+dfsg-10
I: Validating libsasl2-modules-db 2.1.28+dfsg-10
I: Retrieving libseccomp2 2.5.4-1+deb12u1
I: Validating libseccomp2 2.5.4-1+deb12u1
I: Retrieving libselinux1 3.4-1+b6
I: Validating libselinux1 3.4-1+b6
I: Retrieving libsemanage-common 3.4-1
I: Validating libsemanage-common 3.4-1
I: Retrieving libsemanage2 3.4-1+b5
I: Validating libsemanage2 3.4-1+b5
I: Retrieving libsepol2 3.4-2.1
I: Validating libsepol2 3.4-2.1
I: Retrieving libsmartcols1 2.38.1-5+deb12u3
I: Validating libsmartcols1 2.38.1-5+deb12u3
I: Retrieving libsqlite3-0 3.40.1-2+deb12u2
I: Validating libsqlite3-0 3.40.1-2+deb12u2
I: Retrieving libss2 1.47.0-2+b2
I: Validating libss2 1.47.0-2+b2
I: Retrieving libssh2-1 1.10.0-3+b1
I: Validating libssh2-1 1.10.0-3+b1
I: Retrieving libssl3 3.0.20-1~deb12u2
I: Validating libssl3 3.0.20-1~deb12u2
I: Retrieving libstdc++6 12.2.0-14+deb12u1
I: Validating libstdc++6 12.2.0-14+deb12u1
I: Retrieving libsystemd-shared 252.39-1~deb12u2
I: Validating libsystemd-shared 252.39-1~deb12u2
I: Retrieving libsystemd0 252.39-1~deb12u2
I: Validating libsystemd0 252.39-1~deb12u2
I: Retrieving libtasn1-6 4.19.0-2+deb12u1
I: Validating libtasn1-6 4.19.0-2+deb12u1
I: Retrieving libtext-glob-perl 0.11-3
I: Validating libtext-glob-perl 0.11-3
I: Retrieving libtinfo6 6.4-4
I: Validating libtinfo6 6.4-4
I: Retrieving libtirpc-common 1.3.3+ds-1
I: Validating libtirpc-common 1.3.3+ds-1
I: Retrieving libtirpc3 1.3.3+ds-1
I: Validating libtirpc3 1.3.3+ds-1
I: Retrieving libudev1 252.39-1~deb12u2
I: Validating libudev1 252.39-1~deb12u2
I: Retrieving libunistring2 1.0-2
I: Validating libunistring2 1.0-2
I: Retrieving libuuid1 2.38.1-5+deb12u3
I: Validating libuuid1 2.38.1-5+deb12u3
I: Retrieving libxtables12 1.8.9-2
I: Validating libxtables12 1.8.9-2
I: Retrieving libxxhash0 0.8.1-1
I: Validating libxxhash0 0.8.1-1
I: Retrieving libzstd1 1.5.4+dfsg2-5
I: Validating libzstd1 1.5.4+dfsg2-5
I: Retrieving login 1:4.13+dfsg1-1+deb12u2
I: Validating login 1:4.13+dfsg1-1+deb12u2
I: Retrieving logsave 1.47.0-2+b2
I: Validating logsave 1.47.0-2+b2
I: Retrieving lsb-base 11.6
I: Validating lsb-base 11.6
I: Retrieving mawk 1.3.4.20200120-3.1
I: Validating mawk 1.3.4.20200120-3.1
I: Retrieving mount 2.38.1-5+deb12u3
I: Validating mount 2.38.1-5+deb12u3
I: Retrieving ncurses-base 6.4-4
I: Validating ncurses-base 6.4-4
I: Retrieving ncurses-bin 6.4-4
I: Validating ncurses-bin 6.4-4
I: Retrieving openssl 3.0.20-1~deb12u2
I: Validating openssl 3.0.20-1~deb12u2
I: Retrieving passwd 1:4.13+dfsg1-1+deb12u2
I: Validating passwd 1:4.13+dfsg1-1+deb12u2
I: Retrieving perl 5.36.0-7+deb12u3
I: Validating perl 5.36.0-7+deb12u3
I: Retrieving perl-base 5.36.0-7+deb12u3
I: Validating perl-base 5.36.0-7+deb12u3
I: Retrieving perl-modules-5.36 5.36.0-7+deb12u3
I: Validating perl-modules-5.36 5.36.0-7+deb12u3
I: Retrieving pinentry-curses 1.2.1-1
I: Validating pinentry-curses 1.2.1-1
I: Retrieving procps 2:4.0.2-3
I: Validating procps 2:4.0.2-3
I: Retrieving readline-common 8.2-1.3
I: Validating readline-common 8.2-1.3
I: Retrieving sed 4.9-1+deb12u1
I: Validating sed 4.9-1+deb12u1
I: Retrieving systemd 252.39-1~deb12u2
I: Validating systemd 252.39-1~deb12u2
I: Retrieving systemd-sysv 252.39-1~deb12u2
I: Validating systemd-sysv 252.39-1~deb12u2
I: Retrieving sysvinit-utils 3.06-4
I: Validating sysvinit-utils 3.06-4
I: Retrieving tar 1.34+dfsg-1.2+deb12u1
I: Validating tar 1.34+dfsg-1.2+deb12u1
I: Retrieving tzdata 2026b-0+deb12u1
I: Validating tzdata 2026b-0+deb12u1
I: Retrieving usrmerge 37~deb12u1
I: Validating usrmerge 37~deb12u1
I: Retrieving util-linux 2.38.1-5+deb12u3
I: Validating util-linux 2.38.1-5+deb12u3
I: Retrieving util-linux-extra 2.38.1-5+deb12u3
I: Validating util-linux-extra 2.38.1-5+deb12u3
I: Retrieving zlib1g 1:1.2.13.dfsg-1
I: Validating zlib1g 1:1.2.13.dfsg-1
I: Chosen extractor for .deb packages: dpkg-deb
I: Extracting adduser...
I: Extracting apt...
I: Extracting base-files...
I: Extracting base-passwd...
I: Extracting bash...
I: Extracting bsdutils...
I: Extracting coreutils...
I: Extracting dash...
I: Extracting debconf...
I: Extracting debian-archive-keyring...
I: Extracting debianutils...
I: Extracting diffutils...
I: Extracting dpkg...
I: Extracting e2fsprogs...
I: Extracting findutils...
I: Extracting gcc-12-base...
I: Extracting gpgv...
I: Extracting grep...
I: Extracting gzip...
I: Extracting hostname...
I: Extracting init-system-helpers...
I: Extracting libacl1...
I: Extracting libapt-pkg6.0...
I: Extracting libattr1...
I: Extracting libaudit-common...
I: Extracting libaudit1...
I: Extracting libblkid1...
I: Extracting libbz2-1.0...
I: Extracting libc-bin...
I: Extracting libc6...
I: Extracting libcap-ng0...
I: Extracting libcap2...
I: Extracting libcom-err2...
I: Extracting libcrypt1...
I: Extracting libdb5.3...
I: Extracting libdebconfclient0...
I: Extracting libext2fs2...
I: Extracting libffi8...
I: Extracting libfile-find-rule-perl...
I: Extracting libgcc-s1...
I: Extracting libgcrypt20...
I: Extracting libgdbm-compat4...
I: Extracting libgdbm6...
I: Extracting libgmp10...
I: Extracting libgnutls30...
I: Extracting libgpg-error0...
I: Extracting libhogweed6...
I: Extracting libidn2-0...
I: Extracting liblz4-1...
I: Extracting liblzma5...
I: Extracting libmd0...
I: Extracting libmount1...
I: Extracting libnettle8...
I: Extracting libnumber-compare-perl...
I: Extracting libp11-kit0...
I: Extracting libpam-modules...
I: Extracting libpam-modules-bin...
I: Extracting libpam-runtime...
I: Extracting libpam0g...
I: Extracting libpcre2-8-0...
I: Extracting libperl5.36...
I: Extracting libseccomp2...
I: Extracting libselinux1...
I: Extracting libsemanage-common...
I: Extracting libsemanage2...
I: Extracting libsepol2...
I: Extracting libsmartcols1...
I: Extracting libss2...
I: Extracting libstdc++6...
I: Extracting libsystemd0...
I: Extracting libtasn1-6...
I: Extracting libtext-glob-perl...
I: Extracting libtinfo6...
I: Extracting libudev1...
I: Extracting libunistring2...
I: Extracting libuuid1...
I: Extracting libxxhash0...
I: Extracting libzstd1...
I: Extracting login...
I: Extracting logsave...
I: Extracting mawk...
I: Extracting mount...
I: Extracting ncurses-base...
I: Extracting ncurses-bin...
I: Extracting passwd...
I: Extracting perl...
I: Extracting perl-base...
I: Extracting perl-modules-5.36...
I: Extracting sed...
I: Extracting sysvinit-utils...
I: Extracting tar...
I: Extracting tzdata...
I: Extracting usrmerge...
I: Extracting util-linux...
I: Extracting util-linux-extra...
I: Extracting zlib1g...
I: Installing core packages...
I: Unpacking required packages...
I: Unpacking adduser...
I: Unpacking apt...
I: Unpacking base-files...
I: Unpacking base-passwd...
I: Unpacking bash...
I: Unpacking bsdutils...
I: Unpacking coreutils...
I: Unpacking dash...
I: Unpacking debconf...
I: Unpacking debian-archive-keyring...
I: Unpacking debianutils...
I: Unpacking diffutils...
I: Unpacking dpkg...
I: Unpacking e2fsprogs...
I: Unpacking findutils...
I: Unpacking gcc-12-base:amd64...
I: Unpacking gpgv...
I: Unpacking grep...
I: Unpacking gzip...
I: Unpacking hostname...
I: Unpacking init-system-helpers...
I: Unpacking libacl1:amd64...
I: Unpacking libapt-pkg6.0:amd64...
I: Unpacking libattr1:amd64...
I: Unpacking libaudit-common...
I: Unpacking libaudit1:amd64...
I: Unpacking libblkid1:amd64...
I: Unpacking libbz2-1.0:amd64...
I: Unpacking libc-bin...
I: Unpacking libc6:amd64...
I: Unpacking libcap-ng0:amd64...
I: Unpacking libcap2:amd64...
I: Unpacking libcom-err2:amd64...
I: Unpacking libcrypt1:amd64...
I: Unpacking libdb5.3:amd64...
I: Unpacking libdebconfclient0:amd64...
I: Unpacking libext2fs2:amd64...
I: Unpacking libffi8:amd64...
I: Unpacking libfile-find-rule-perl...
I: Unpacking libgcc-s1:amd64...
I: Unpacking libgcrypt20:amd64...
I: Unpacking libgdbm-compat4:amd64...
I: Unpacking libgdbm6:amd64...
I: Unpacking libgmp10:amd64...
I: Unpacking libgnutls30:amd64...
I: Unpacking libgpg-error0:amd64...
I: Unpacking libhogweed6:amd64...
I: Unpacking libidn2-0:amd64...
I: Unpacking liblz4-1:amd64...
I: Unpacking liblzma5:amd64...
I: Unpacking libmd0:amd64...
I: Unpacking libmount1:amd64...
I: Unpacking libnettle8:amd64...
I: Unpacking libnumber-compare-perl...
I: Unpacking libp11-kit0:amd64...
I: Unpacking libpam-modules:amd64...
I: Unpacking libpam-modules-bin...
I: Unpacking libpam-runtime...
I: Unpacking libpam0g:amd64...
I: Unpacking libpcre2-8-0:amd64...
I: Unpacking libperl5.36:amd64...
I: Unpacking libseccomp2:amd64...
I: Unpacking libselinux1:amd64...
I: Unpacking libsemanage-common...
I: Unpacking libsemanage2:amd64...
I: Unpacking libsepol2:amd64...
I: Unpacking libsmartcols1:amd64...
I: Unpacking libss2:amd64...
I: Unpacking libstdc++6:amd64...
I: Unpacking libsystemd0:amd64...
I: Unpacking libtasn1-6:amd64...
I: Unpacking libtext-glob-perl...
I: Unpacking libtinfo6:amd64...
I: Unpacking libudev1:amd64...
I: Unpacking libunistring2:amd64...
I: Unpacking libuuid1:amd64...
I: Unpacking libxxhash0:amd64...
I: Unpacking libzstd1:amd64...
I: Unpacking login...
I: Unpacking logsave...
I: Unpacking mawk...
I: Unpacking mount...
I: Unpacking ncurses-base...
I: Unpacking ncurses-bin...
I: Unpacking passwd...
I: Unpacking perl...
I: Unpacking perl-base...
I: Unpacking perl-modules-5.36...
I: Unpacking sed...
I: Unpacking sysvinit-utils...
I: Unpacking tar...
I: Unpacking tzdata...
I: Unpacking usrmerge...
I: Unpacking util-linux...
I: Unpacking util-linux-extra...
I: Unpacking zlib1g:amd64...
I: Configuring required packages...
I: Configuring libtext-glob-perl...
I: Configuring debian-archive-keyring...
I: Configuring libaudit-common...
I: Configuring libsemanage-common...
I: Configuring debconf...
I: Configuring libnumber-compare-perl...
I: Configuring gcc-12-base:amd64...
I: Configuring tzdata...
I: Configuring ncurses-base...
I: Configuring libgcc-s1:amd64...
I: Configuring libc6:amd64...
I: Configuring libudev1:amd64...
I: Configuring libffi8:amd64...
I: Configuring libmd0:amd64...
I: Configuring libxxhash0:amd64...
I: Configuring libattr1:amd64...
I: Configuring sysvinit-utils...
I: Configuring libtasn1-6:amd64...
I: Configuring debianutils...
I: Configuring mawk...
I: Configuring libdebconfclient0:amd64...
I: Configuring base-files...
I: Configuring libbz2-1.0:amd64...
I: Configuring libdb5.3:amd64...
I: Configuring libblkid1:amd64...
I: Configuring libstdc++6:amd64...
I: Configuring libgdbm6:amd64...
I: Configuring libtinfo6:amd64...
I: Configuring bash...
I: Configuring libzstd1:amd64...
I: Configuring liblzma5:amd64...
I: Configuring libgpg-error0:amd64...
I: Configuring liblz4-1:amd64...
I: Configuring libc-bin...
I: Configuring ncurses-bin...
I: Configuring libacl1:amd64...
I: Configuring libunistring2:amd64...
I: Configuring libsmartcols1:amd64...
I: Configuring libgcrypt20:amd64...
I: Configuring zlib1g:amd64...
I: Configuring libcrypt1:amd64...
I: Configuring libidn2-0:amd64...
I: Configuring libcom-err2:amd64...
I: Configuring diffutils...
I: Configuring libseccomp2:amd64...
I: Configuring libcap2:amd64...
I: Configuring hostname...
I: Configuring libcap-ng0:amd64...
I: Configuring libext2fs2:amd64...
I: Configuring libnettle8:amd64...
I: Configuring libgmp10:amd64...
I: Configuring libp11-kit0:amd64...
I: Configuring libaudit1:amd64...
I: Configuring libuuid1:amd64...
I: Configuring libss2:amd64...
I: Configuring libgdbm-compat4:amd64...
I: Configuring libsepol2:amd64...
I: Configuring libpcre2-8-0:amd64...
I: Configuring logsave...
I: Configuring gpgv...
I: Configuring util-linux-extra...
I: Configuring libhogweed6:amd64...
I: Configuring e2fsprogs...
I: Configuring libsystemd0:amd64...
I: Configuring libselinux1:amd64...
I: Configuring libgnutls30:amd64...
I: Configuring libpam0g:amd64...
I: Configuring libapt-pkg6.0:amd64...
I: Configuring sed...
I: Configuring findutils...
I: Configuring libmount1:amd64...
I: Configuring libsemanage2:amd64...
I: Configuring base-passwd...
I: Configuring bsdutils...
I: Configuring tar...
I: Configuring libpam-modules-bin...
I: Configuring coreutils...
I: Configuring util-linux...
I: Configuring dpkg...
I: Configuring mount...
I: Configuring dash...
I: Configuring libpam-modules:amd64...
I: Configuring grep...
I: Configuring perl-base...
I: Configuring perl-modules-5.36...
I: Configuring gzip...
I: Configuring passwd...
I: Configuring libpam-runtime...
I: Configuring libperl5.36:amd64...
I: Configuring login...
I: Configuring adduser...
I: Configuring apt...
I: Configuring perl...
I: Configuring libfile-find-rule-perl...
I: Configuring usrmerge...
I: Configuring init-system-helpers...
I: Configuring libc-bin...
I: Unpacking the base system...
I: Unpacking ca-certificates...
I: Unpacking curl...
I: Unpacking dbus...
I: Unpacking dbus-bin...
I: Unpacking dbus-daemon...
I: Unpacking dbus-session-bus-common...
I: Unpacking dbus-system-bus-common...
I: Unpacking dirmngr...
I: Unpacking gnupg...
I: Unpacking gnupg-l10n...
I: Unpacking gnupg-utils...
I: Unpacking gpg...
I: Unpacking gpg-agent...
I: Unpacking gpg-wks-client...
I: Unpacking gpg-wks-server...
I: Unpacking gpgconf...
I: Unpacking gpgsm...
I: Unpacking iproute2...
I: Unpacking libassuan0:amd64...
I: Unpacking libbpf1:amd64...
I: Unpacking libbrotli1:amd64...
I: Unpacking libbsd0:amd64...
I: Unpacking libcap2-bin...
I: Unpacking libcurl4:amd64...
I: Unpacking libdbus-1-3:amd64...
I: Unpacking libelf1:amd64...
I: Unpacking libexpat1:amd64...
I: Unpacking libgssapi-krb5-2:amd64...
I: Unpacking libk5crypto3:amd64...
I: Unpacking libkeyutils1:amd64...
I: Unpacking libkrb5-3:amd64...
I: Unpacking libkrb5support0:amd64...
I: Unpacking libksba8:amd64...
I: Unpacking libldap-2.5-0:amd64...
I: Unpacking libmnl0:amd64...
I: Unpacking libncursesw6:amd64...
I: Unpacking libnghttp2-14:amd64...
I: Unpacking libnpth0:amd64...
I: Unpacking libproc2-0:amd64...
I: Unpacking libpsl5:amd64...
I: Unpacking libreadline8:amd64...
I: Unpacking librtmp1:amd64...
I: Unpacking libsasl2-2:amd64...
I: Unpacking libsasl2-modules-db:amd64...
I: Unpacking libsqlite3-0:amd64...
I: Unpacking libssh2-1:amd64...
I: Unpacking libtirpc-common...
I: Unpacking libtirpc3:amd64...
I: Unpacking libxtables12:amd64...
I: Unpacking lsb-base...
I: Unpacking openssl...
I: Unpacking pinentry-curses...
I: Unpacking procps...
I: Unpacking readline-common...
I: Unpacking systemd-sysv...
I: Configuring the base system...
I: Configuring libksba8:amd64...
I: Configuring libexpat1:amd64...
I: Configuring lsb-base...
I: Configuring systemd-sysv...
I: Configuring libkeyutils1:amd64...
I: Configuring libpsl5:amd64...
I: Configuring libtirpc-common...
I: Configuring libbrotli1:amd64...
I: Configuring libsqlite3-0:amd64...
I: Configuring libnghttp2-14:amd64...
I: Configuring libnpth0:amd64...
I: Configuring libassuan0:amd64...
I: Configuring libkrb5support0:amd64...
I: Configuring libsasl2-modules-db:amd64...
I: Configuring libcap2-bin...
I: Configuring gnupg-l10n...
I: Configuring librtmp1:amd64...
I: Configuring libdbus-1-3:amd64...
I: Configuring libproc2-0:amd64...
I: Configuring libmnl0:amd64...
I: Configuring libncursesw6:amd64...
I: Configuring libk5crypto3:amd64...
I: Configuring libxtables12:amd64...
I: Configuring libsasl2-2:amd64...
I: Configuring dbus-session-bus-common...
I: Configuring procps...
I: Configuring libssh2-1:amd64...
I: Configuring libkrb5-3:amd64...
I: Configuring dbus-system-bus-common...
I: Configuring openssl...
I: Configuring libbsd0:amd64...
I: Configuring libelf1:amd64...
I: Configuring readline-common...
I: Configuring dbus-bin...
I: Configuring libbpf1:amd64...
I: Configuring pinentry-curses...
I: Configuring libreadline8:amd64...
I: Configuring dbus-daemon...
I: Configuring libldap-2.5-0:amd64...
I: Configuring ca-certificates...
I: Configuring dbus...
I: Configuring libgssapi-krb5-2:amd64...
I: Configuring gpgconf...
I: Configuring libcurl4:amd64...
I: Configuring curl...
I: Configuring gpg...
I: Configuring gnupg-utils...
I: Configuring libtirpc3:amd64...
I: Configuring gpg-agent...
I: Configuring iproute2...
I: Configuring gpgsm...
I: Configuring dirmngr...
I: Configuring gpg-wks-server...
I: Configuring gpg-wks-client...
I: Configuring gnupg...
I: Configuring libc-bin...
I: Configuring ca-certificates...
I: Base system installed successfully.
