EVENT {"call_id": "__registration__", "kind": "registration_state", "timestamp_ns": 9384543020948, "sequence": 1, "method": null, "status_code": null, "reason": "registration requested by account.create", "details": {"state": "registering", "registration_event": "registration_started", "readiness": false}, "registration_status": {"state": "registering", "event": "registration_started", "enabled": true, "registrar_uri": "sip:10.0.0.45:5060", "status_code": null, "reason": "registration requested by account.create", "expires_seconds": 120, "observed_at_ns": 9384542996803, "expires_at_ns": null, "readiness": false}}
EVENT {"call_id": "__registration__", "kind": "registration_state", "timestamp_ns": 9384543236128, "sequence": 2, "method": null, "status_code": null, "reason": "PJSUA2 registration transaction started", "details": {"state": "registering", "registration_event": "registration_started", "readiness": false}, "registration_status": {"state": "registering", "event": "registration_started", "enabled": true, "registrar_uri": "sip:10.0.0.45:5060", "status_code": null, "reason": "PJSUA2 registration transaction started", "expires_seconds": 120, "observed_at_ns": 9384543219237, "expires_at_ns": null, "readiness": false}}
EVENT {"call_id": "__registration__", "kind": "registration_state", "timestamp_ns": 9384547976473, "sequence": 3, "method": null, "status_code": 200, "reason": "OK", "details": {"state": "registered", "registration_event": "registration_succeeded", "readiness": true}, "registration_status": {"state": "registered", "event": "registration_succeeded", "enabled": true, "registrar_uri": "sip:10.0.0.45:5060", "status_code": 200, "reason": "OK", "expires_seconds": 120, "observed_at_ns": 9384547916687, "expires_at_ns": 9504547864127, "readiness": true}}
READY caller
PHASE direct_started
EVENT {"call_id": "probe-direct", "kind": "sip_transaction", "timestamp_ns": 9384548535797, "sequence": 4, "method": "RTP", "status_code": null, "reason": null, "details": {"media_index": 0, "transport_state": 1}}
EVENT {"call_id": "probe-direct", "kind": "sip_transaction", "timestamp_ns": 9384549168946, "sequence": 5, "method": "RTP", "status_code": null, "reason": null, "details": {"media_index": 0, "transport_state": 2}}
EVENT {"call_id": "probe-direct", "kind": "sip_transaction", "timestamp_ns": 9384549248031, "sequence": 6, "method": "RTP", "status_code": null, "reason": null, "details": {"media_index": 1, "transport_state": 1}}
EVENT {"call_id": "probe-direct", "kind": "sip_transaction", "timestamp_ns": 9384549757014, "sequence": 7, "method": "RTP", "status_code": null, "reason": null, "details": {"media_index": 1, "transport_state": 2}}
EVENT {"call_id": "probe-direct", "kind": "sip_transaction", "timestamp_ns": 9384549843197, "sequence": 8, "method": "RTP", "status_code": null, "reason": null, "details": {"media_index": 0, "transport_state": 3}}
EVENT {"call_id": "probe-direct", "kind": "sip_transaction", "timestamp_ns": 9384549888677, "sequence": 9, "method": "RTP", "status_code": null, "reason": null, "details": {"media_index": 1, "transport_state": 3}}
EVENT {"call_id": "probe-direct", "kind": "call_started", "timestamp_ns": 9384550497602, "sequence": 10, "method": null, "status_code": null, "reason": null, "details": {"direction": "outgoing", "peer_uri": "sip:1001@10.0.0.45:5060"}}
EVENT {"call_id": "probe-direct", "kind": "sip_transaction", "timestamp_ns": 9384617441629, "sequence": 11, "method": "RTP", "status_code": null, "reason": null, "details": {"media_index": 0, "transport_state": 4}}
EVENT {"call_id": "probe-direct", "kind": "sip_transaction", "timestamp_ns": 9384619558623, "sequence": 12, "method": "RTP", "status_code": null, "reason": null, "details": {"media_index": 1, "transport_state": 4}}
EVENT {"call_id": "probe-direct", "kind": "media_started", "timestamp_ns": 9384622109237, "sequence": 13, "method": null, "status_code": null, "reason": null, "details": {"direction": 3, "media_index": 0}, "media_profile": {"codec": "PCMU", "payload_type": 0, "rx_payload_type": 0, "tx_payload_type": 0, "ptime_ms": 20.0, "frame_time_usec": 20000, "sample_rate_hz": 8000, "channels": 1, "frame_size_samples": 160, "frame_bytes": 320, "pcm_bits_per_sample": 16, "source": "pjmedia.stream_info"}}
EVENT {"call_id": "probe-direct", "kind": "protocol_reply", "timestamp_ns": 9386630071376, "sequence": 14, "method": "RTP", "status_code": null, "reason": "media_timeout", "details": {}, "local_reply": {"method": "RTP", "status_code": null, "reason": "media_timeout", "action": "close_media", "automatic": true}}
EVENT {"call_id": "probe-direct", "kind": "media_stopped", "timestamp_ns": 9386630408292, "sequence": 15, "method": null, "status_code": null, "reason": "media_ingress_overflow", "details": {}}
EVENT {"call_id": "probe-direct", "kind": "media_failed", "timestamp_ns": 9386630442848, "sequence": 16, "method": "RTP", "status_code": null, "reason": "media_ingress_overflow", "details": {}}
EVENT {"call_id": "probe-direct", "kind": "media_started", "timestamp_ns": 9387922103009, "sequence": 17, "method": null, "status_code": null, "reason": null, "details": {"direction": 3, "media_index": 0}, "media_profile": {"codec": "PCMU", "payload_type": 0, "rx_payload_type": 0, "tx_payload_type": 0, "ptime_ms": 20.0, "frame_time_usec": 20000, "sample_rate_hz": 8000, "channels": 1, "frame_size_samples": 160, "frame_bytes": 320, "pcm_bits_per_sample": 16, "source": "pjmedia.stream_info"}}
EVENT {"call_id": "probe-direct", "kind": "call_answered", "timestamp_ns": 9387922362775, "sequence": 18, "method": null, "status_code": 200, "reason": "OK", "details": {"state": "CONFIRMED", "pjsua_call_id": 0}}
PHASE direct_answered
EVENT {"call_id": "probe-direct", "kind": "protocol_reply", "timestamp_ns": 9389928887592, "sequence": 19, "method": "RTP", "status_code": null, "reason": "media_timeout", "details": {}, "local_reply": {"method": "RTP", "status_code": null, "reason": "media_timeout", "action": "close_media", "automatic": true}}
EVENT {"call_id": "probe-direct", "kind": "media_stopped", "timestamp_ns": 9389929415354, "sequence": 20, "method": null, "status_code": null, "reason": "media_ingress_overflow", "details": {}}
EVENT {"call_id": "probe-direct", "kind": "media_failed", "timestamp_ns": 9389929448801, "sequence": 21, "method": "RTP", "status_code": null, "reason": "media_ingress_overflow", "details": {}}
EVENT {"call_id": "probe-direct", "kind": "sip_transaction", "timestamp_ns": 9395121266017, "sequence": 22, "method": "RTP", "status_code": null, "reason": null, "details": {"media_index": 0, "transport_state": 2}}
EVENT {"call_id": "probe-direct", "kind": "sip_transaction", "timestamp_ns": 9395121383329, "sequence": 23, "method": "RTP", "status_code": null, "reason": null, "details": {"media_index": 0, "transport_state": 0}}
EVENT {"call_id": "probe-direct", "kind": "sip_transaction", "timestamp_ns": 9395121466588, "sequence": 24, "method": "RTP", "status_code": null, "reason": null, "details": {"media_index": 1, "transport_state": 2}}
EVENT {"call_id": "probe-direct", "kind": "sip_transaction", "timestamp_ns": 9395121513954, "sequence": 25, "method": "RTP", "status_code": null, "reason": null, "details": {"media_index": 1, "transport_state": 0}}
EVENT {"call_id": "probe-direct", "kind": "call_ended", "timestamp_ns": 9395121751557, "sequence": 26, "method": null, "status_code": 200, "reason": "OK", "details": {"state": "DISCONNECTED", "pjsua_call_id": 0}}
PHASE direct_ended
PHASE queue_started
EVENT {"call_id": "probe-queue", "kind": "sip_transaction", "timestamp_ns": 9396143632183, "sequence": 27, "method": "RTP", "status_code": null, "reason": null, "details": {"media_index": 0, "transport_state": 1}}
EVENT {"call_id": "probe-queue", "kind": "sip_transaction", "timestamp_ns": 9396144333847, "sequence": 28, "method": "RTP", "status_code": null, "reason": null, "details": {"media_index": 0, "transport_state": 2}}
EVENT {"call_id": "probe-queue", "kind": "sip_transaction", "timestamp_ns": 9396144420931, "sequence": 29, "method": "RTP", "status_code": null, "reason": null, "details": {"media_index": 1, "transport_state": 1}}
EVENT {"call_id": "probe-queue", "kind": "sip_transaction", "timestamp_ns": 9396144959748, "sequence": 30, "method": "RTP", "status_code": null, "reason": null, "details": {"media_index": 1, "transport_state": 2}}
EVENT {"call_id": "probe-queue", "kind": "sip_transaction", "timestamp_ns": 9396145084683, "sequence": 31, "method": "RTP", "status_code": null, "reason": null, "details": {"media_index": 0, "transport_state": 3}}
EVENT {"call_id": "probe-queue", "kind": "sip_transaction", "timestamp_ns": 9396145125122, "sequence": 32, "method": "RTP", "status_code": null, "reason": null, "details": {"media_index": 1, "transport_state": 3}}
EVENT {"call_id": "probe-queue", "kind": "call_started", "timestamp_ns": 9396145828360, "sequence": 33, "method": null, "status_code": null, "reason": null, "details": {"direction": "outgoing", "peer_uri": "sip:7000@10.0.0.45:5060"}}
EVENT {"call_id": "probe-queue", "kind": "sip_transaction", "timestamp_ns": 9396184303018, "sequence": 34, "method": "RTP", "status_code": null, "reason": null, "details": {"media_index": 0, "transport_state": 4}}
EVENT {"call_id": "probe-queue", "kind": "sip_transaction", "timestamp_ns": 9396184640234, "sequence": 35, "method": "RTP", "status_code": null, "reason": null, "details": {"media_index": 1, "transport_state": 4}}
EVENT {"call_id": "probe-queue", "kind": "media_started", "timestamp_ns": 9396186692545, "sequence": 36, "method": null, "status_code": null, "reason": null, "details": {"direction": 3, "media_index": 0}, "media_profile": {"codec": "PCMU", "payload_type": 0, "rx_payload_type": 0, "tx_payload_type": 0, "ptime_ms": 20.0, "frame_time_usec": 20000, "sample_rate_hz": 8000, "channels": 1, "frame_size_samples": 160, "frame_bytes": 320, "pcm_bits_per_sample": 16, "source": "pjmedia.stream_info"}}
EVENT {"call_id": "probe-queue", "kind": "call_answered", "timestamp_ns": 9396186958731, "sequence": 37, "method": null, "status_code": 200, "reason": "OK", "details": {"state": "CONFIRMED", "pjsua_call_id": 1}}
PHASE queue_answered
EVENT {"call_id": "probe-queue", "kind": "protocol_reply", "timestamp_ns": 9398209854415, "sequence": 38, "method": "RTP", "status_code": null, "reason": "media_timeout", "details": {}, "local_reply": {"method": "RTP", "status_code": null, "reason": "media_timeout", "action": "close_media", "automatic": true}}
EVENT {"call_id": "probe-queue", "kind": "media_stopped", "timestamp_ns": 9398210071717, "sequence": 39, "method": null, "status_code": null, "reason": "media_ingress_overflow", "details": {}}
EVENT {"call_id": "probe-queue", "kind": "media_failed", "timestamp_ns": 9398210101020, "sequence": 40, "method": "RTP", "status_code": null, "reason": "media_ingress_overflow", "details": {}}
EVENT {"call_id": "probe-queue", "kind": "sip_transaction", "timestamp_ns": 9408484719052, "sequence": 41, "method": "RTP", "status_code": null, "reason": null, "details": {"media_index": 0, "transport_state": 2}}
EVENT {"call_id": "probe-queue", "kind": "sip_transaction", "timestamp_ns": 9408484796608, "sequence": 42, "method": "RTP", "status_code": null, "reason": null, "details": {"media_index": 0, "transport_state": 0}}
EVENT {"call_id": "probe-queue", "kind": "sip_transaction", "timestamp_ns": 9408484898197, "sequence": 43, "method": "RTP", "status_code": null, "reason": null, "details": {"media_index": 1, "transport_state": 2}}
EVENT {"call_id": "probe-queue", "kind": "sip_transaction", "timestamp_ns": 9408484933233, "sequence": 44, "method": "RTP", "status_code": null, "reason": null, "details": {"media_index": 1, "transport_state": 0}}
EVENT {"call_id": "probe-queue", "kind": "call_ended", "timestamp_ns": 9408485067883, "sequence": 45, "method": null, "status_code": 200, "reason": "OK", "details": {"state": "DISCONNECTED", "pjsua_call_id": 1}}
PHASE queue_ended
COMPLETE caller
12:28:30.073         os_core_unix.c !pjlib 2.17 for POSIX initialized
12:28:30.074         sip_endpoint.c  .Creating endpoint instance...
12:28:30.074                  pjlib  .select() I/O Queue created (0x5563d7037288)
12:28:30.074         sip_endpoint.c  .Module "mod-msg-print" registered
12:28:30.074        sip_transport.c  .Transport manager created.
12:28:30.074           pjsua_core.c  .PJSUA state changed: NULL --> CREATED
python3.14t: ../src/pjsua-lib/pjsua_call.c:2739: pjsua_call_set_user_data: Assertion `call_id>=0 && call_id<(int)pjsua_var.ua_cfg.max_calls' failed.
