{
  "status": "pass",
  "call_id": "real-composition-call",
  "state": "terminal",
  "report": "/mnt/c/devel/sip-bot/artifacts/implementation/002-mvp-media-and-speech-integration/002-J/j4-clean-start-20260903/real-answer/reports/real-composition-call/report.md",
  "rag": {
    "contexts": 1,
    "sufficient": true,
    "source_ids": [
      "wiki-physics-rayleigh",
      "wiki-astronomy-mars"
    ]
  },
  "audio": {
    "path": "/mnt/c/devel/sip-bot/artifacts/implementation/002-mvp-media-and-speech-integration/002-J/j4-clean-start-20260903/real-answer/tts-composition-sample.wav",
    "bytes": 155990,
    "sample_rate_hz": 8000,
    "channels": 1,
    "sha256": "d77898fd82cd605f91a14d79c3b73179f7c5951ad99c2cf2395bbc64a06d97da"
  },
  "elapsed_from_final_turn_ms": 9651.255,
  "pipeline_errors": [],
  "runtime": {
    "python": "/home/sipbot/.cache/sip-bot-c4-xtts-v2-3.14.7t/bin/python",
    "version": "3.14.7 free-threading build (main, Aug 27 2026, 13:33:03) [GCC 13.3.0]",
    "gil_enabled": false
  }
}
